[Starting user process]
matrices size: 400x400
vm used:   468 pages
pm space:   256 pages
vm space:  4096 pages
initializing matrices
multiplying matrices ...............